\BOOKMARK [1][-]{section*.1}{\376\377\000A\000b\000s\000t\000r\000a\000c\000t}{}% 1
\BOOKMARK [1][-]{section.1}{\376\377\0001\000\040\000I\000n\000t\000r\000o\000d\000u\000c\000t\000i\000o\000n}{}% 2
\BOOKMARK [1][-]{section.2}{\376\377\0002\000\040\000R\000e\000l\000a\000t\000e\000d\000\040\000W\000o\000r\000k}{}% 3
\BOOKMARK [2][-]{subsection.2.1}{\376\377\0002\000.\0001\000\040\000C\000o\000l\000d\000-\000S\000t\000a\000r\000t\000\040\000R\000e\000c\000o\000m\000m\000e\000n\000d\000a\000t\000i\000o\000n\000\040\000a\000n\000d\000\040\000L\000L\000M\000\040\000P\000r\000i\000o\000r\000s}{section.2}% 4
\BOOKMARK [2][-]{subsection.2.2}{\376\377\0002\000.\0002\000\040\000G\000e\000o\000g\000r\000a\000p\000h\000i\000c\000a\000l\000\040\000P\000O\000I\000\040\000R\000e\000c\000o\000m\000m\000e\000n\000d\000a\000t\000i\000o\000n}{section.2}% 5
\BOOKMARK [2][-]{subsection.2.3}{\376\377\0002\000.\0003\000\040\000S\000i\000t\000u\000a\000t\000i\000o\000n\000-\000A\000w\000a\000r\000e\000\040\000R\000e\000p\000e\000a\000t\000\040\000v\000s\000.\000\040\000E\000x\000p\000l\000o\000r\000e\000\040\000R\000e\000c\000o\000m\000m\000e\000n\000d\000a\000t\000i\000o\000n\000s}{section.2}% 6
\BOOKMARK [1][-]{section.3}{\376\377\0003\000\040\000S\000y\000s\000t\000e\000m\000\040\000A\000r\000c\000h\000i\000t\000e\000c\000t\000u\000r\000e\000\040\000a\000n\000d\000\040\000P\000r\000e\000f\000e\000r\000e\000n\000c\000e\000\040\000C\000h\000a\000n\000n\000e\000l\000s}{}% 7
\BOOKMARK [2][-]{subsection.3.1}{\376\377\0003\000.\0001\000\040\000M\000u\000l\000t\000i\000-\000T\000r\000i\000g\000g\000e\000r\000\040\000L\000i\000f\000e\000c\000y\000c\000l\000e\000\040\000L\000o\000o\000p}{section.3}% 8
\BOOKMARK [2][-]{subsection.3.2}{\376\377\0003\000.\0002\000\040\000P\000r\000e\000f\000e\000r\000e\000n\000c\000e\000\040\000I\000n\000p\000u\000t\000\040\000C\000h\000a\000n\000n\000e\000l\000s}{section.3}% 9
\BOOKMARK [1][-]{section.4}{\376\377\0004\000\040\000T\000r\000u\000s\000t\000-\000T\000i\000e\000r\000e\000d\000\040\000K\000n\000o\000w\000l\000e\000d\000g\000e\000\040\000R\000e\000s\000o\000l\000u\000t\000i\000o\000n}{}% 10
\BOOKMARK [1][-]{section.5}{\376\377\0005\000\040\000M\000a\000t\000h\000e\000m\000a\000t\000i\000c\000a\000l\000\040\000F\000o\000r\000m\000u\000l\000a\000t\000i\000o\000n\000\040\000a\000n\000d\000\040\000O\000n\000l\000i\000n\000e\000\040\000S\000e\000r\000v\000i\000n\000g}{}% 11
\BOOKMARK [2][-]{subsection.5.1}{\376\377\0005\000.\0001\000\040\000S\000t\000a\000g\000e\000\040\0001\000:\000\040\000H\000a\000r\000d\000-\000C\000o\000n\000s\000t\000r\000a\000i\000n\000t\000\040\000G\000a\000t\000i\000n\000g}{section.5}% 12
\BOOKMARK [2][-]{subsection.5.2}{\376\377\0005\000.\0002\000\040\000S\000t\000a\000g\000e\000\040\0002\000:\000\040\000M\000u\000l\000t\000i\000-\000C\000r\000i\000t\000e\000r\000i\000a\000\040\000S\000o\000f\000t\000-\000S\000c\000o\000r\000i\000n\000g}{section.5}% 13
\BOOKMARK [2][-]{subsection.5.3}{\376\377\0005\000.\0003\000\040\000A\000d\000a\000p\000t\000i\000v\000e\000\040\000R\000e\000n\000o\000r\000m\000a\000l\000i\000z\000a\000t\000i\000o\000n\000\040\000f\000o\000r\000\040\000M\000i\000s\000s\000i\000n\000g\000\040\000S\000i\000g\000n\000a\000l\000s}{section.5}% 14
\BOOKMARK [2][-]{subsection.5.4}{\376\377\0005\000.\0004\000\040\000C\000o\000n\000t\000e\000x\000t\000-\000A\000w\000a\000r\000e\000\040\000M\000o\000d\000e\000\040\000S\000w\000i\000t\000c\000h\000i\000n\000g}{section.5}% 15
\BOOKMARK [2][-]{subsection.5.5}{\376\377\0005\000.\0005\000\040\000V\000i\000e\000t\000n\000a\000m\000-\000S\000p\000e\000c\000i\000f\000i\000c\000\040\000A\000d\000j\000u\000s\000t\000m\000e\000n\000t\000s\000:\000\040\000L\000o\000c\000a\000l\000n\000e\000s\000s\000\040\000a\000n\000d\000\040\000A\000n\000t\000i\000-\000L\000u\000x\000u\000r\000y\000\040\000B\000i\000a\000s}{section.5}% 16
\BOOKMARK [2][-]{subsection.5.6}{\376\377\0005\000.\0006\000\040\000L\000L\000M\000\040\000R\000e\000r\000a\000n\000k\000\040\000a\000n\000d\000\040\000E\000x\000p\000l\000a\000i\000n\000e\000r}{section.5}% 17
\BOOKMARK [1][-]{section.6}{\376\377\0006\000\040\000D\000i\000s\000c\000u\000s\000s\000i\000o\000n\000\040\000a\000n\000d\000\040\000F\000u\000t\000u\000r\000e\000\040\000W\000o\000r\000k}{}% 18
\BOOKMARK [1][-]{section.7}{\376\377\0007\000\040\000C\000o\000n\000c\000l\000u\000s\000i\000o\000n}{}% 19
\BOOKMARK [1][-]{section*.4}{\376\377\000R\000e\000f\000e\000r\000e\000n\000c\000e\000s}{}% 20
